]0;~/GoogleDrive/project/Ni/Utility[?1034hNCI-02034757-ML:Utility zhangh24$   temp <- .C("tAKA",AV,KV,A.row,A.col,out=out) [A[C[C[C[C[C[C[C[C[C[C[C[C[C[C[C[C[C[C[C[C[C[C[C[C[C[C[C[C[C[C[C[C[C[C[C[C[C[C[C[C[C[C[C[C[C[C[C[C[C[C[C[C[C[C[C[C[C[C[C[C[C[C[C[C[C[C[C[C[C[C[C[C[C[C[C[C[C[C[C[K)
bash: syntax error near unexpected token `('
[KNCI-02034757-ML:Utility zhangh24$ [KNCI-02034757-ML:Utility zhangh24$ ls
DESCRIPTION	R		man		test
NAMESPACE	Utility.Rproj	src
]0;~/GoogleDrive/project/Ni/UtilityNCI-02034757-ML:Utility zhangh24$ git status
fatal: Not a git repository (or any of the parent directories): .git
]0;~/GoogleDrive/project/Ni/UtilityNCI-02034757-ML:Utility zhangh24$ git init
Initialized empty Git repository in /Users/zhangh24/GoogleDrive/project/Ni/Utility/.git/
]0;~/GoogleDrive/project/Ni/UtilityNCI-02034757-ML:Utility zhangh24$ git add -A
]0;~/GoogleDrive/project/Ni/UtilityNCI-02034757-ML:Utility zhangh24$ git commit -m "first git[K[K[Kcommit -[K"
[master (root-commit) dfdd5a7] first commit
 53 files changed, 1146 insertions(+)
 create mode 100644 .DS_Store
 create mode 100644 .Rbuildignore
 create mode 100644 .Rproj.user/C489B8A4/console06/11327186
 create mode 100644 .Rproj.user/C489B8A4/console06/11327186.env
 create mode 100644 .Rproj.user/C489B8A4/console06/INDEX001
 create mode 100644 .Rproj.user/C489B8A4/cpp-complilation-config
 create mode 100644 .Rproj.user/C489B8A4/cpp-definition-cache
 create mode 100644 .Rproj.user/C489B8A4/pcs/debug-breakpoints.pper
 create mode 100644 .Rproj.user/C489B8A4/pcs/files-pane.pper
 create mode 100644 .Rproj.user/C489B8A4/pcs/source-pane.pper
 create mode 100644 .Rproj.user/C489B8A4/pcs/windowlayoutstate.pper
 create mode 100644 .Rproj.user/C489B8A4/pcs/workbench-pane.pper
 create mode 100644 .Rproj.user/C489B8A4/persistent-state
 create mode 100644 .Rproj.user/C489B8A4/rmd-outputs
 create mode 100644 .Rproj.user/C489B8A4/saved_source_markers
 create mode 100644 .Rproj.user/C489B8A4/sources/prop/175431F6
 create mode 100644 .Rproj.user/C489B8A4/sources/prop/7C62039A
 create mode 100644 .Rproj.user/C489B8A4/sources/prop/97FA1D0D
 create mode 100644 .Rproj.user/C489B8A4/sources/prop/BBDEAFC7
 create mode 100644 .Rproj.user/C489B8A4/sources/prop/E06C72A6
 create mode 100644 .Rproj.user/C489B8A4/sources/prop/F2284652
 create mode 100644 .Rproj.user/C489B8A4/sources/prop/FE5B821D
 create mode 100644 .Rproj.user/C489B8A4/sources/prop/INDEX
 create mode 100644 .Rproj.user/C489B8A4/sources/s-78E9CD8B/3386E334
 create mode 100644 .Rproj.user/C489B8A4/sources/s-78E9CD8B/3386E334-contents
 create mode 100644 .Rproj.user/C489B8A4/sources/s-78E9CD8B/4E9E1C8D-contents
 create mode 100644 .Rproj.user/C489B8A4/sources/s-78E9CD8B/62677F9A
 create mode 100644 .Rproj.user/C489B8A4/sources/s-78E9CD8B/62677F9A-contents
 create mode 100644 .Rproj.user/C489B8A4/sources/s-78E9CD8B/63B449B0-contents
 create mode 100644 .Rproj.user/C489B8A4/sources/s-78E9CD8B/7DFF3534
 create mode 100644 .Rproj.user/C489B8A4/sources/s-78E9CD8B/7DFF3534-contents
 create mode 100644 .Rproj.user/C489B8A4/sources/s-78E9CD8B/810C08D1
 create mode 100644 .Rproj.user/C489B8A4/sources/s-78E9CD8B/810C08D1-contents
 create mode 100644 .Rproj.user/C489B8A4/sources/s-78E9CD8B/82FB9929-contents
 create mode 100644 .Rproj.user/C489B8A4/sources/s-78E9CD8B/865F0913
 create mode 100644 .Rproj.user/C489B8A4/sources/s-78E9CD8B/865F0913-contents
 create mode 100644 .Rproj.user/C489B8A4/sources/s-78E9CD8B/9C53B810
 create mode 100644 .Rproj.user/C489B8A4/sources/s-78E9CD8B/9C53B810-contents
 create mode 100644 .Rproj.user/C489B8A4/sources/s-78E9CD8B/lock_file
 create mode 100644 .Rproj.user/shared/notebooks/patch-chunk-names
 create mode 100644 .Rproj.user/shared/notebooks/paths
 create mode 100644 DESCRIPTION
 create mode 100644 NAMESPACE
 create mode 100644 R/.DS_Store
 create mode 100644 R/tAKA.R
 create mode 100644 Utility.Rproj
 create mode 100644 man/.DS_Store
 create mode 100644 man/tAKA.Rd
 create mode 100644 src/Makevars
 create mode 100755 src/Utility.so
 create mode 100644 src/tAKA.c
 create mode 100644 src/tAKA.o
 create mode 100644 test/test.R
]0;~/GoogleDrive/project/Ni/UtilityNCI-02034757-ML:Utility zhangh24$ ls
DESCRIPTION	R		man		test
NAMESPACE	Utility.Rproj	src
]0;~/GoogleDrive/project/Ni/UtilityNCI-02034757-ML:Utility zhangh24$ gt[Kit remote add org[Kigin https://github.com/a ndrewhaoyu
]0;~/GoogleDrive/project/Ni/UtilityNCI-02034757-ML:Utility zhangh24$ git push -u origin master
remote: Not Found
fatal: repository 'https://github.com/andrewhaoyu/' not found
]0;~/GoogleDrive/project/Ni/UtilityNCI-02034757-ML:Utility zhangh24$ git remote add -[Korgi[K[Kigin https://github.com/a ndrewhaoyu/Utility.git
fatal: remote origin already exists.
]0;~/GoogleDrive/project/Ni/UtilityNCI-02034757-ML:Utility zhangh24$ git origi[K[K[K[K[Kremove
git: 'remove' is not a git command. See 'git --help'.

Did you mean this?
	remote
]0;~/GoogleDrive/project/Ni/UtilityNCI-02034757-ML:Utility zhangh24$ git --help
usage: git [--version] [--help] [-C <path>] [-c name=value]
           [--exec-path[=<path>]] [--html-path] [--man-path] [--info-path]
           [-p | --paginate | --no-pager] [--no-replace-objects] [--bare]
           [--git-dir=<path>] [--work-tree=<path>] [--namespace=<name>]
           <command> [<args>]

These are common Git commands used in various situations:

start a working area (see also: git help tutorial)
   clone      Clone a repository into a new directory
   init       Create an empty Git repository or reinitialize an existing one

work on the current change (see also: git help everyday)
   add        Add file contents to the index
   mv         Move or rename a file, a directory, or a symlink
   reset      Reset current HEAD to the specified state
   rm         Remove files from the working tree and from the index

examine the history and state (see also: git help revisions)
   bisect     Use binary search to find the commit that introduced a bug
   grep       Print lines matching a pattern
   log        Show commit logs
   show       Show various types of objects
   status     Show the working tree status

grow, mark and tweak your common history
   branch     List, create, or delete branches
   checkout   Switch branches or restore working tree files
   commit     Record changes to the repository
   diff       Show changes between commits, commit and working tree, etc
   merge      Join two or more development histories together
   rebase     Reapply commits on top of another base tip
   tag        Create, list, delete or verify a tag object signed with GPG

collaborate (see also: git help workflows)
   fetch      Download objects and refs from another repository
   pull       Fetch from and integrate with another repository or a local branch
   push       Update remote refs along with associated objects

'git help -a' and 'git help -g' list available subcommands and some
concept guides. See 'git help <command>' or 'git help <concept>'
to read about a specific subcommand or concept.
]0;~/GoogleDrive/project/Ni/UtilityNCI-02034757-ML:Utility zhangh24$ git remote -v
origin	https://github.com/andrewhaoyu (fetch)
origin	https://github.com/andrewhaoyu (push)
]0;~/GoogleDrive/project/Ni/UtilityNCI-02034757-ML:Utility zhangh24$ git remote set-url https://github.com/andr ewhaoyu/Utility.git
usage: git remote set-url [--push] <name> <newurl> [<oldurl>]
   or: git remote set-url --add <name> <newurl>
   or: git remote set-url --delete <name> <url>

    --push                manipulate push URLs
    --add                 add URL
    --delete              delete URLs

]0;~/GoogleDrive/project/Ni/UtilityNCI-02034757-ML:Utility zhangh24$ git remote -v
origin	https://github.com/andrewhaoyu (fetch)
origin	https://github.com/andrewhaoyu (push)
]0;~/GoogleDrive/project/Ni/UtilityNCI-02034757-ML:Utility zhangh24$ git remote -vset-url https://github.com/andreewhaoyu/Utility.git[A[C[C[C[C[C[C[C[C[C[C[C[C[C[C[C[C[C[C[C[C[C[C[C[C[C[C[C[C[C[C[C[C[C[C[C[C[C[C[C[C[C[C[C[C[C[C[C[C[C[C[C[C[C[C[C[C[C[C[C[C[C[C[C[C[C[C[C[C[C[C[C[C[C[C[C[Cohttps://github.com/andrewhaoyu/Utility.git[A[C[C[C[C[C[C[C[C[C[C[C[C[C[C[C[C[C[C[C[C[C[C[C[C[C[C[C[C[C[C[C[C[C[Crhttps://github.com/andrewhaoyu/Utility.git[A[C[C[C[C[C[C[C[C[C[C[C[C[C[C[C[C[C[C[C[C[C[C[C[C[C[C[C[C[C[C[C[C[C[Cihttps://github.com/andrewhaoyu/Utility.git[A[C[C[C[C[C[C[C[C[C[C[C[C[C[C[C[C[C[C[C[C[C[C[C[C[C[C[C[C[C[C[C[C[C[Cghttps://github.com/andrewhaoyu/Utility.git[A[C[C[C[C[C[C[C[C[C[C[C[C[C[C[C[C[C[C[C[C[C[C[C[C[C[C[C[C[C[C[C[C[C[Cihttps://github.com/andrewhaoyu/Utility.git[A[C[C[C[C[C[C[C[C[C[C[C[C[C[C[C[C[C[C[C[C[C[C[C[C[C[C[C[C[C[C[C[C[C[Cnhttps://github.com/andrewhaoyu/Utility.git[A[C[C[C[C[C[C[C[C[C[C[C[C[C[C[C[C[C[C[C[C[C[C[C[C[C[C[C[C[C[C[C[C[C[C https://github.com/andrewhaoyu/Utility.git[A[C[C[C[C[C[C[C[C[C[C[C[C[C[C[C[C[C[C[C[C[C[C[C[C[C[C[C[C[C[C[C[C[C[C

]0;~/GoogleDrive/project/Ni/UtilityNCI-02034757-ML:Utility zhangh24$ git remote-[K -v
origin	https://github.com/andrewhaoyu/Utility.git (fetch)
origin	https://github.com/andrewhaoyu/Utility.git (push)
]0;~/GoogleDrive/project/Ni/UtilityNCI-02034757-ML:Utility zhangh24$ git push -u origin master
Counting objects: 60, done.
Delta compression using up to 8 threads.
Compressing objects:   2% (1/50)   Compressing objects:   4% (2/50)   Compressing objects:   6% (3/50)   Compressing objects:   8% (4/50)   Compressing objects:  10% (5/50)   Compressing objects:  12% (6/50)   Compressing objects:  14% (7/50)   Compressing objects:  16% (8/50)   Compressing objects:  18% (9/50)   Compressing objects:  20% (10/50)   Compressing objects:  22% (11/50)   Compressing objects:  24% (12/50)   Compressing objects:  26% (13/50)   Compressing objects:  28% (14/50)   Compressing objects:  30% (15/50)   Compressing objects:  32% (16/50)   Compressing objects:  34% (17/50)   Compressing objects:  36% (18/50)   Compressing objects:  38% (19/50)   Compressing objects:  40% (20/50)   Compressing objects:  42% (21/50)   Compressing objects:  44% (22/50)   Compressing objects:  46% (23/50)   Compressing objects:  48% (24/50)   Compressing objects:  50% (25/50)   Compressing objects:  52% (26/50)   Compressing objects:  54% (27/50)   Compressing objects:  56% (28/50)   Compressing objects:  58% (29/50)   Compressing objects:  60% (30/50)   Compressing objects:  62% (31/50)   Compressing objects:  64% (32/50)   Compressing objects:  66% (33/50)   Compressing objects:  68% (34/50)   Compressing objects:  70% (35/50)   Compressing objects:  72% (36/50)   Compressing objects:  74% (37/50)   Compressing objects:  76% (38/50)   Compressing objects:  78% (39/50)   Compressing objects:  80% (40/50)   Compressing objects:  82% (41/50)   Compressing objects:  84% (42/50)   Compressing objects:  86% (43/50)   Compressing objects:  88% (44/50)   Compressing objects:  90% (45/50)   Compressing objects:  92% (46/50)   Compressing objects:  94% (47/50)   Compressing objects:  96% (48/50)   Compressing objects:  98% (49/50)   Compressing objects: 100% (50/50)   Compressing objects: 100% (50/50), done.
Writing objects:   1% (1/60)   Writing objects:   3% (2/60)   Writing objects:   8% (5/60)   Writing objects:  10% (6/60)   Writing objects:  11% (7/60)   Writing objects:  13% (8/60)   Writing objects:  15% (9/60)   Writing objects:  16% (10/60)   Writing objects:  18% (11/60)   Writing objects:  20% (12/60)   Writing objects:  21% (13/60)   Writing objects:  23% (14/60)   Writing objects:  25% (15/60)   Writing objects:  26% (16/60)   Writing objects:  28% (17/60)   Writing objects:  30% (18/60)   Writing objects:  31% (19/60)   Writing objects:  33% (20/60)   Writing objects:  35% (21/60)   Writing objects:  36% (22/60)   Writing objects:  38% (23/60)   Writing objects:  40% (24/60)   Writing objects:  41% (25/60)   Writing objects:  43% (26/60)   Writing objects:  45% (27/60)   Writing objects:  46% (28/60)   Writing objects:  48% (29/60)   Writing objects:  50% (30/60)   Writing objects:  51% (31/60)   Writing objects:  53% (32/60)   Writing objects:  55% (33/60)   Writing objects:  56% (34/60)   Writing objects:  60% (36/60)   Writing objects:  61% (37/60)   Writing objects:  63% (38/60)   Writing objects:  65% (39/60)   Writing objects:  66% (40/60)   Writing objects:  68% (41/60)   Writing objects:  70% (42/60)   Writing objects:  71% (43/60)   Writing objects:  73% (44/60)   Writing objects:  75% (45/60)   Writing objects:  76% (46/60)   Writing objects:  78% (47/60)   Writing objects:  80% (48/60)   Writing objects:  81% (49/60)   Writing objects:  83% (50/60)   Writing objects:  85% (51/60)   Writing objects:  86% (52/60)   Writing objects:  88% (53/60)   Writing objects:  90% (54/60)   Writing objects:  91% (55/60)   Writing objects:  93% (56/60)   Writing objects:  95% (57/60)   Writing objects:  96% (58/60)   Writing objects:  98% (59/60)   Writing objects: 100% (60/60)   Writing objects: 100% (60/60), 16.86 KiB | 0 bytes/s, done.
Total 60 (delta 7), reused 0 (delta 0)
remote: Resolving deltas:   0% (0/7)   [Kremote: Resolving deltas:  28% (2/7)   [Kremote: Resolving deltas:  42% (3/7)   [Kremote: Resolving deltas: 100% (7/7)   [Kremote: Resolving deltas: 100% (7/7), done.[K
To https://github.com/andrewhaoyu/Utility.git
 * [new branch]      master -> master
Branch master set up to track remote branch master from origin.
]0;~/GoogleDrive/project/Ni/Utility[?1034hNCI-02034757-ML:Utility zhangh24$ library(devtools)
bash: syntax error near unexpected token `devtools'
  mu.2 = mu.2/max(mu.2, xi)
bash: syntax error near unexpected token `('
]0;~/GoogleDrive/project/Ni/UtilityNCI-02034757-ML:Utility zhangh24$   xi.2 = xi/max(mu,xi)
bash: syntax error near unexpected token `('
git status
On branch master
Your branch is up-to-date with 'origin/master'.
Changes not staged for commit:
  (use "git add/rm <file>..." to update what will be committed)
  (use "git checkout -- <file>..." to discard changes in working directory)

	[31mmodified:   .DS_Store[m
	[31mmodified:   .Rproj.user/C489B8A4/console06/11327186[m
	[31mmodified:   .Rproj.user/C489B8A4/console06/11327186.env[m
	[31mmodified:   .Rproj.user/C489B8A4/console06/INDEX001[m
	[31mmodified:   .Rproj.user/C489B8A4/cpp-complilation-config[m
	[31mmodified:   .Rproj.user/C489B8A4/cpp-definition-cache[m
	[31mmodified:   .Rproj.user/C489B8A4/pcs/source-pane.pper[m
	[31mmodified:   .Rproj.user/C489B8A4/pcs/workbench-pane.pper[m
	[31mmodified:   .Rproj.user/C489B8A4/persistent-state[m
	[31mmodified:   .Rproj.user/C489B8A4/sources/prop/175431F6[m
	[31mmodified:   .Rproj.user/C489B8A4/sources/prop/7C62039A[m
	[31mmodified:   .Rproj.user/C489B8A4/sources/prop/97FA1D0D[m
	[31mmodified:   .Rproj.user/C489B8A4/sources/prop/F2284652[m
	[31mmodified:   .Rproj.user/C489B8A4/sources/prop/FE5B821D[m
	[31mmodified:   .Rproj.user/C489B8A4/sources/prop/INDEX[m
	[31mdeleted:    .Rproj.user/C489B8A4/sources/s-78E9CD8B/3386E334[m
	[31mdeleted:    .Rproj.user/C489B8A4/sources/s-78E9CD8B/3386E334-contents[m
	[31mdeleted:    .Rproj.user/C489B8A4/sources/s-78E9CD8B/4E9E1C8D-contents[m
	[31mdeleted:    .Rproj.user/C489B8A4/sources/s-78E9CD8B/62677F9A[m
	[31mdeleted:    .Rproj.user/C489B8A4/sources/s-78E9CD8B/62677F9A-contents[m
	[31mdeleted:    .Rproj.user/C489B8A4/sources/s-78E9CD8B/63B449B0-contents[m
	[31mdeleted:    .Rproj.user/C489B8A4/sources/s-78E9CD8B/7DFF3534[m
	[31mdeleted:    .Rproj.user/C489B8A4/sources/s-78E9CD8B/7DFF3534-contents[m
	[31mdeleted:    .Rproj.user/C489B8A4/sources/s-78E9CD8B/810C08D1[m
	[31mdeleted:    .Rproj.user/C489B8A4/sources/s-78E9CD8B/810C08D1-contents[m
	[31mdeleted:    .Rproj.user/C489B8A4/sources/s-78E9CD8B/82FB9929-contents[m
	[31mdeleted:    .Rproj.user/C489B8A4/sources/s-78E9CD8B/865F0913[m
	[31mdeleted:    .Rproj.user/C489B8A4/sources/s-78E9CD8B/865F0913-contents[m
	[31mdeleted:    .Rproj.user/C489B8A4/sources/s-78E9CD8B/9C53B810[m
	[31mdeleted:    .Rproj.user/C489B8A4/sources/s-78E9CD8B/9C53B810-contents[m
	[31mdeleted:    .Rproj.user/C489B8A4/sources/s-78E9CD8B/lock_file[m
	[31mmodified:   .Rproj.user/shared/notebooks/paths[m
	[31mmodified:   DESCRIPTION[m
	[31mmodified:   NAMESPACE[m
	[31mmodified:   R/tAKA.R[m
	[31mmodified:   Utility.Rproj[m
	[31mdeleted:    man/tAKA.Rd[m
	[31mmodified:   src/Utility.so[m
	[31mmodified:   src/tAKA.c[m
	[31mmodified:   src/tAKA.o[m
	[31mmodified:   test/test.R[m

Untracked files:
  (use "git add <file>..." to include in what will be committed)

	[31m.gitignore[m
	[31mR/RcppExports.R[m
	[31mR/getp_au1.R[m
	[31mR/getp_aud_estimate_pi_first.R[m
	[31mR/omniRLRT.R[m
	[31mR/omniRLRT_fast.R[m
	[31mR/support.R[m
	[31mR/try.R[m
	[31mRstudio_tip.Rmd[m
	[31mRstudio_tip.html[m
	[31minst.zip[m
	[31mman/AKA_C.Rd[m
	[31mman/Eigen_C.Rd[m
	[31mman/Eigen_C_value.Rd[m
	[31mman/getp_au1.Rd[m
	[31mman/getp_aud_estimate_pi_first.Rd[m
	[31mman/omniRLRT.Rd[m
	[31mman/omniRLRT_fast.Rd[m
	[31msrc/RcppExports.cpp[m
	[31msrc/fastEgen_RC.cpp[m
	[31msrc/tAKA_RC.cpp[m
	[31mtest/example.R[m

no changes added to commit (use "git add" and/or "git commit -a")
]0;~/GoogleDrive/project/Ni/UtilityNCI-02034757-ML:Utility zhangh24$ git add[K[K[K[K[K[K[Kgit ads[K[K[Kadd -A
]0;~/GoogleDrive/project/Ni/UtilityNCI-02034757-ML:Utility zhangh24$ git commit -m "second commit [K"
[master 1f9efc4] second commit
 62 files changed, 1515 insertions(+), 525 deletions(-)
 rewrite .Rproj.user/C489B8A4/console06/INDEX001 (100%)
 rewrite .Rproj.user/C489B8A4/persistent-state (69%)
 delete mode 100644 .Rproj.user/C489B8A4/sources/s-78E9CD8B/3386E334
 delete mode 100644 .Rproj.user/C489B8A4/sources/s-78E9CD8B/3386E334-contents
 delete mode 100644 .Rproj.user/C489B8A4/sources/s-78E9CD8B/4E9E1C8D-contents
 delete mode 100644 .Rproj.user/C489B8A4/sources/s-78E9CD8B/62677F9A
 delete mode 100644 .Rproj.user/C489B8A4/sources/s-78E9CD8B/62677F9A-contents
 delete mode 100644 .Rproj.user/C489B8A4/sources/s-78E9CD8B/63B449B0-contents
 delete mode 100644 .Rproj.user/C489B8A4/sources/s-78E9CD8B/7DFF3534
 delete mode 100644 .Rproj.user/C489B8A4/sources/s-78E9CD8B/7DFF3534-contents
 delete mode 100644 .Rproj.user/C489B8A4/sources/s-78E9CD8B/810C08D1
 delete mode 100644 .Rproj.user/C489B8A4/sources/s-78E9CD8B/810C08D1-contents
 delete mode 100644 .Rproj.user/C489B8A4/sources/s-78E9CD8B/82FB9929-contents
 delete mode 100644 .Rproj.user/C489B8A4/sources/s-78E9CD8B/865F0913
 delete mode 100644 .Rproj.user/C489B8A4/sources/s-78E9CD8B/865F0913-contents
 delete mode 100644 .Rproj.user/C489B8A4/sources/s-78E9CD8B/9C53B810
 delete mode 100644 .Rproj.user/C489B8A4/sources/s-78E9CD8B/9C53B810-contents
 delete mode 100644 .Rproj.user/C489B8A4/sources/s-78E9CD8B/lock_file
 create mode 100644 .gitignore
 create mode 100644 R/RcppExports.R
 create mode 100644 R/getp_au1.R
 create mode 100644 R/getp_aud_estimate_pi_first.R
 create mode 100644 R/omniRLRT.R
 create mode 100644 R/omniRLRT_fast.R
 create mode 100644 R/support.R
 create mode 100644 R/try.R
 create mode 100644 Rstudio_tip.Rmd
 create mode 100644 Rstudio_tip.html
 create mode 100644 inst.zip
 rename man/{tAKA.Rd => AKA_C.Rd} (80%)
 create mode 100644 man/Eigen_C.Rd
 create mode 100644 man/Eigen_C_value.Rd
 create mode 100644 man/getp_au1.Rd
 create mode 100644 man/getp_aud_estimate_pi_first.Rd
 create mode 100644 man/omniRLRT.Rd
 create mode 100644 man/omniRLRT_fast.Rd
 create mode 100644 src/RcppExports.cpp
 create mode 100644 src/fastEgen_RC.cpp
 rewrite src/tAKA.o (93%)
 create mode 100644 src/tAKA_RC.cpp
 create mode 100644 test/example.R
]0;~/GoogleDrive/project/Ni/UtilityNCI-02034757-ML:Utility zhangh24$ git push
Counting objects: 60, done.
Delta compression using up to 8 threads.
Compressing objects:   1% (1/57)   Compressing objects:   3% (2/57)   Compressing objects:   5% (3/57)   Compressing objects:   7% (4/57)   Compressing objects:   8% (5/57)   Compressing objects:  10% (6/57)   Compressing objects:  12% (7/57)   Compressing objects:  14% (8/57)   Compressing objects:  15% (9/57)   Compressing objects:  17% (10/57)   Compressing objects:  19% (11/57)   Compressing objects:  21% (12/57)   Compressing objects:  22% (13/57)   Compressing objects:  24% (14/57)   Compressing objects:  26% (15/57)   Compressing objects:  28% (16/57)   Compressing objects:  29% (17/57)   Compressing objects:  31% (18/57)   Compressing objects:  33% (19/57)   Compressing objects:  35% (20/57)   Compressing objects:  36% (21/57)   Compressing objects:  38% (22/57)   Compressing objects:  40% (23/57)   Compressing objects:  42% (24/57)   Compressing objects:  43% (25/57)   Compressing objects:  45% (26/57)   Compressing objects:  47% (27/57)   Compressing objects:  49% (28/57)   Compressing objects:  50% (29/57)   Compressing objects:  52% (30/57)   Compressing objects:  54% (31/57)   Compressing objects:  56% (32/57)   Compressing objects:  57% (33/57)   Compressing objects:  59% (34/57)   Compressing objects:  61% (35/57)   Compressing objects:  63% (36/57)   Compressing objects:  64% (37/57)   Compressing objects:  66% (38/57)   Compressing objects:  68% (39/57)   Compressing objects:  70% (40/57)   Compressing objects:  71% (41/57)   Compressing objects:  73% (42/57)   Compressing objects:  75% (43/57)   Compressing objects:  77% (44/57)   Compressing objects:  78% (45/57)   Compressing objects:  80% (46/57)   Compressing objects:  82% (47/57)   Compressing objects:  84% (48/57)   Compressing objects:  85% (49/57)   Compressing objects:  87% (50/57)   Compressing objects:  89% (51/57)   Compressing objects:  91% (52/57)   Compressing objects:  92% (53/57)   Compressing objects:  94% (54/57)   Compressing objects:  96% (55/57)   Compressing objects:  98% (56/57)   Compressing objects: 100% (57/57)   Compressing objects: 100% (57/57), done.
Writing objects:   1% (1/60)   Writing objects:   3% (2/60)   Writing objects:   5% (3/60)   Writing objects:   6% (4/60)   Writing objects:   8% (5/60)   Writing objects:  10% (6/60)   Writing objects:  11% (7/60)   Writing objects:  13% (8/60)   Writing objects:  15% (9/60)   Writing objects:  16% (10/60)   Writing objects:  18% (11/60)   Writing objects:  20% (12/60)   Writing objects:  21% (13/60)   Writing objects:  23% (14/60)   Writing objects:  25% (15/60)   Writing objects:  26% (16/60)   Writing objects:  28% (17/60)   Writing objects:  30% (18/60)   Writing objects:  31% (19/60)   Writing objects:  33% (20/60)   Writing objects:  35% (21/60)   Writing objects:  36% (22/60)   Writing objects:  38% (23/60)   Writing objects:  40% (24/60)   Writing objects:  41% (25/60)   Writing objects:  43% (26/60)   Writing objects:  45% (27/60)   Writing objects:  46% (28/60)   Writing objects:  48% (29/60)   Writing objects:  50% (30/60)   Writing objects:  51% (31/60)   Writing objects:  53% (32/60)   Writing objects:  55% (33/60)   Writing objects:  58% (35/60)   Writing objects:  60% (36/60)   Writing objects:  61% (37/60)   Writing objects:  63% (38/60)   Writing objects:  65% (39/60)   Writing objects:  66% (40/60)   Writing objects:  68% (41/60)   Writing objects:  70% (42/60)   Writing objects:  71% (43/60)   Writing objects:  73% (44/60)   Writing objects:  76% (46/60)   Writing objects:  80% (48/60)   Writing objects:  83% (50/60)   Writing objects:  85% (51/60)   Writing objects:  86% (52/60)   Writing objects:  88% (53/60)   Writing objects:  90% (54/60)   Writing objects:  91% (55/60)   Writing objects:  93% (56/60)   Writing objects:  95% (57/60)   Writing objects:  96% (58/60)   Writing objects:  98% (59/60)   Writing objects: 100% (60/60)   Writing objects: 100% (60/60), 475.05 KiB | 0 bytes/s, done.
Total 60 (delta 15), reused 0 (delta 0)
remote: Resolving deltas:   0% (0/15)   [Kremote: Resolving deltas:   6% (1/15)   [Kremote: Resolving deltas:  13% (2/15)   [Kremote: Resolving deltas:  20% (3/15)   [Kremote: Resolving deltas:  26% (4/15)   [Kremote: Resolving deltas:  33% (5/15)   [Kremote: Resolving deltas:  46% (7/15)   [Kremote: Resolving deltas:  53% (8/15)   [Kremote: Resolving deltas:  60% (9/15)   [Kremote: Resolving deltas:  66% (10/15)   [Kremote: Resolving deltas:  73% (11/15)   [Kremote: Resolving deltas:  80% (12/15)   [Kremote: Resolving deltas:  86% (13/15)   [Kremote: Resolving deltas:  93% (14/15)   [Kremote: Resolving deltas: 100% (15/15)   [Kremote: Resolving deltas: 100% (15/15), completed with 10 local objects.[K
To https://github.com/andrewhaoyu/Utility.git
   dfdd5a7..1f9efc4  master -> master
time1 <- proc.time()
bash: syntax error near unexpected token `('
]0;~/GoogleDrive/project/Ni/UtilityNCI-02034757-ML:Utility zhangh24$ omniRLRT(y, X = cbind(X, E),K1 = G %*% t(G ), K2 = (G*E) %*% t(G * E) , N = 10000, length.rho = 200, length.lambda = 21 )
bash: syntax error near unexpected token `y,'
]0;~/GoogleDrive/project/Ni/UtilityNCI-02034757-ML:Utility zhangh24$ time1 <- proc.time()-time1
bash: syntax error near unexpected token `('
]0;~/GoogleDrive/project/Ni/Utility[?1034hNCI-02034757-ML:Utility zhangh24$ ]0;~/GoogleDrive/project/Ni/Utilityn = 300
X = rnorm(n)

p = 2
G = runif(n*p)< 0.5
G = G + runif(n*p) < 0.5
G = matrix(G, n,p)
E = (runif(n) < 0.5)^2
y = rnorm(n) + G[,1] * 0.3
[?1034hNCI-02034757-ML:Utility zhangh24$ n = 300
bash: n: command not found
]0;~/GoogleDrive/project/Ni/UtilityNCI-02034757-ML:Utility zhangh24$ X = rnorm(n)
bash: syntax error near unexpected token `('
]0;~/GoogleDrive/project/Ni/UtilityNCI-02034757-ML:Utility zhangh24$ 
]0;~/GoogleDrive/project/Ni/UtilityNCI-02034757-ML:Utility zhangh24$ p = 2
bash: p: command not found
]0;~/GoogleDrive/project/Ni/UtilityNCI-02034757-ML:Utility zhangh24$ G = runif(n*p)< 0.5
bash: syntax error near unexpected token `('
]0;~/GoogleDrive/project/Ni/UtilityNCI-02034757-ML:Utility zhangh24$ G = G + runif(n*p) < 0.5
bash: syntax error near unexpected token `('
]0;~/GoogleDrive/project/Ni/UtilityNCI-02034757-ML:Utility zhangh24$ G = matrix(G, n,p)
bash: syntax error near unexpected token `('
]0;~/GoogleDrive/project/Ni/UtilityNCI-02034757-ML:Utility zhangh24$ E = (runif(n) < 0.5)^2
bash: syntax error near unexpected token `('
]0;~/GoogleDrive/project/Ni/UtilityNCI-02034757-ML:Utility zhangh24$ y = rnorm(n) + G[,1] * 0.3
bash: syntax error near unexpected token `('
    for (i in 1:length.lambda){
bash: syntax error near unexpected token `('
]0;~/GoogleDrive/project/Ni/Utility[?1034hNCI-02034757-ML:Utility zhangh24$ [KNCI-02034757-ML:Utility zhangh24$ nih

* This warning banner provides privacy and security notices consistent
with applicable federal laws, directives, and other federal guidance for 
accessing this Government system, which includes (1) this computer network, 
(2) all computers connected to this network, and (3) all devices and storage 
media attached to this network or to a computer on this network.
 
* This system is provided for Government-authorized use only. 

* Unauthorized or improper use of this system is prohibited and may result 
in disciplinary action and/or civil and criminal penalties.
    
* Personal use of social media and networking sites on this system is 
limited as to not interfere with official work duties and is subject 
to monitoring.

* By using this system, you understand and consent to the following:
        
  * The Government may monitor, record, and audit your system usage, 
    including usage of personal devices and email systems for official
    duties or to conduct HHS business. Therefore, you have no reasonable 
    expectation of privacy regarding any communication or data transiting 
    or stored on this system. At any time, and for any lawful Government 
    purpose, the government may monitor, intercept, and search and seize 
    any communication or data transiting or stored on this system.

  * Any communication or data transiting or stored on this system may 
    be disclosed or used for any lawful Government purpose.

--
NOTE: This system is rebooted for patches and maintenance on the first
Monday of every month at 7:00 AM unless Monday is a holiday, in which
case it is rebooted the following Tuesday.  A detailed schedule is
available at    http://helix.nih.gov/Documentation/reboots.html

Warning: No xauth data; using fake authentication data for X11 forwarding.
Last login: Sun Feb  4 17:20:57 2018 from 10.243.130.68
[1m[7m%[27m[1m[0m                                                                            ]2;zhangh24@biowulf: ~]1;~[0m[27m[24m[J[01;32m➜  [36m~[00m [K[?1h=ss20[?1l>
]2;sinteractive --mem=20g]1;s20salloc.exe: Pending job allocation 60929350
salloc.exe: job 60929350 queued and waiting for resources
salloc.exe: job 60929350 has been allocated resources
salloc.exe: Granted job allocation 60929350
salloc.exe: Waiting for resource configuration
salloc.exe: Nodes cn3188 are ready for job
git status
On branch master
Your branch is up-to-date with 'origin/master'.
Changes not staged for commit:
  (use "git add <file>..." to update what will be committed)
  (use "git checkout -- <file>..." to discard changes in working directory)

	[31mmodified:   .DS_Store[m
	[31mmodified:   .Rproj.user/C489B8A4/console06/11327186[m
	[31mmodified:   .Rproj.user/C489B8A4/console06/11327186.env[m
	[31mmodified:   .Rproj.user/C489B8A4/console06/INDEX001[m
	[31mmodified:   .Rproj.user/C489B8A4/cpp-definition-cache[m
	[31mmodified:   .Rproj.user/C489B8A4/pcs/source-pane.pper[m
	[31mmodified:   .Rproj.user/C489B8A4/persistent-state[m
	[31mmodified:   .Rproj.user/C489B8A4/sources/prop/7C62039A[m
	[31mmodified:   .Rproj.user/C489B8A4/sources/prop/97FA1D0D[m
	[31mmodified:   .Rproj.user/C489B8A4/sources/prop/FE5B821D[m
	[31mmodified:   .Rproj.user/C489B8A4/sources/prop/INDEX[m
	[31mmodified:   .Rproj.user/shared/notebooks/paths[m
	[31mmodified:   NAMESPACE[m
	[31mmodified:   R/RcppExports.R[m
	[31mmodified:   R/omniRLRT_fast.R[m
	[31mmodified:   src/RcppExports.cpp[m
	[31mmodified:   src/Utility.so[m
	[31mmodified:   src/fastEgen_RC.cpp[m
	[31mmodified:   test/example.R[m
	[31mmodified:   test/test.R[m

Untracked files:
  (use "git add <file>..." to include in what will be committed)

	[31mR/fast_mult.cpp[m
	[31mman/ColSum_C.Rd[m
	[31mman/ColSumtwomatrix_C.Rd[m
	[31mman/Elementwisesquare_C.Rd[m
	[31mman/MatMult_C.Rd[m
	[31mman/MatrixPlus_C.Rd[m
	[31mman/MatrixRowMax_C.Rd[m
	[31mman/NumxMatrix_C.Rd[m
	[31mman/Sum_C.Rd[m
	[31mman/VecMultMat_C.Rd[m
	[31msrc/.DS_Store[m
	[31mtest/testC.R[m

no changes added to commit (use "git add" and/or "git commit -a")
]0;~/GoogleDrive/project/Ni/UtilityNCI-02034757-ML:Utility zhangh24$ git add -A[K[K[K[K[K[K[K[K[K[Kvi .gitignore
]0;~/GoogleDrive/project/Ni/UtilityNCI-02034757-ML:Utility zhangh24$ git statu
git: 'statu' is not a git command. See 'git --help'.

Did you mean one of these?
	status
	stage
	stash
]0;~/GoogleDrive/project/Ni/UtilityNCI-02034757-ML:Utility zhangh24$ git status
On branch master
Your branch is up-to-date with 'origin/master'.
Changes not staged for commit:
  (use "git add <file>..." to update what will be committed)
  (use "git checkout -- <file>..." to discard changes in working directory)

	[31mmodified:   .DS_Store[m
	[31mmodified:   .Rproj.user/C489B8A4/console06/11327186[m
	[31mmodified:   .Rproj.user/C489B8A4/console06/11327186.env[m
	[31mmodified:   .Rproj.user/C489B8A4/console06/INDEX001[m
	[31mmodified:   .Rproj.user/C489B8A4/cpp-definition-cache[m
	[31mmodified:   .Rproj.user/C489B8A4/pcs/source-pane.pper[m
	[31mmodified:   .Rproj.user/C489B8A4/persistent-state[m
	[31mmodified:   .Rproj.user/C489B8A4/sources/prop/7C62039A[m
	[31mmodified:   .Rproj.user/C489B8A4/sources/prop/97FA1D0D[m
	[31mmodified:   .Rproj.user/C489B8A4/sources/prop/FE5B821D[m
	[31mmodified:   .Rproj.user/C489B8A4/sources/prop/INDEX[m
	[31mmodified:   .Rproj.user/shared/notebooks/paths[m
	[31mmodified:   .gitignore[m
	[31mmodified:   NAMESPACE[m
	[31mmodified:   R/RcppExports.R[m
	[31mmodified:   R/omniRLRT_fast.R[m
	[31mmodified:   src/RcppExports.cpp[m
	[31mmodified:   src/Utility.so[m
	[31mmodified:   src/fastEgen_RC.cpp[m
	[31mmodified:   test/example.R[m
	[31mmodified:   test/test.R[m

Untracked files:
  (use "git add <file>..." to include in what will be committed)

	[31mR/fast_mult.cpp[m
	[31mman/ColSum_C.Rd[m
	[31mman/ColSumtwomatrix_C.Rd[m
	[31mman/Elementwisesquare_C.Rd[m
	[31mman/MatMult_C.Rd[m
	[31mman/MatrixPlus_C.Rd[m
	[31mman/MatrixRowMax_C.Rd[m
	[31mman/NumxMatrix_C.Rd[m
	[31mman/Sum_C.Rd[m
	[31mman/VecMultMat_C.Rd[m
	[31msrc/.DS_Store[m
	[31mtest/testC.R[m

no changes added to commit (use "git add" and/or "git commit -a")
]0;~/GoogleDrive/project/Ni/UtilityNCI-02034757-ML:Utility zhangh24$ vi i[K.gitn[Kignore
]0;~/GoogleDrive/project/Ni/UtilityNCI-02034757-ML:Utility zhangh24$ git stats[Kus
On branch master
Your branch is up-to-date with 'origin/master'.
Changes not staged for commit:
  (use "git add <file>..." to update what will be committed)
  (use "git checkout -- <file>..." to discard changes in working directory)

	[31mmodified:   .DS_Store[m
	[31mmodified:   .Rproj.user/C489B8A4/console06/11327186[m
	[31mmodified:   .Rproj.user/C489B8A4/console06/11327186.env[m
	[31mmodified:   .Rproj.user/C489B8A4/console06/INDEX001[m
	[31mmodified:   .Rproj.user/C489B8A4/cpp-definition-cache[m
	[31mmodified:   .Rproj.user/C489B8A4/pcs/source-pane.pper[m
	[31mmodified:   .Rproj.user/C489B8A4/persistent-state[m
	[31mmodified:   .Rproj.user/C489B8A4/sources/prop/7C62039A[m
	[31mmodified:   .Rproj.user/C489B8A4/sources/prop/97FA1D0D[m
	[31mmodified:   .Rproj.user/C489B8A4/sources/prop/FE5B821D[m
	[31mmodified:   .Rproj.user/C489B8A4/sources/prop/INDEX[m
	[31mmodified:   .Rproj.user/shared/notebooks/paths[m
	[31mmodified:   .gitignore[m
	[31mmodified:   NAMESPACE[m
	[31mmodified:   R/RcppExports.R[m
	[31mmodified:   R/omniRLRT_fast.R[m
	[31mmodified:   src/RcppExports.cpp[m
	[31mmodified:   src/Utility.so[m
	[31mmodified:   src/fastEgen_RC.cpp[m
	[31mmodified:   test/example.R[m
	[31mmodified:   test/test.R[m

Untracked files:
  (use "git add <file>..." to include in what will be committed)

	[31mR/fast_mult.cpp[m
	[31mman/ColSum_C.Rd[m
	[31mman/ColSumtwomatrix_C.Rd[m
	[31mman/Elementwisesquare_C.Rd[m
	[31mman/MatMult_C.Rd[m
	[31mman/MatrixPlus_C.Rd[m
	[31mman/MatrixRowMax_C.Rd[m
	[31mman/NumxMatrix_C.Rd[m
	[31mman/Sum_C.Rd[m
	[31mman/VecMultMat_C.Rd[m
	[31msrc/.DS_Store[m
	[31mtest/testC.R[m

no changes added to commit (use "git add" and/or "git commit -a")
]0;~/GoogleDrive/project/Ni/UtilityNCI-02034757-ML:Utility zhangh24$ git add -A
]0;~/GoogleDrive/project/Ni/UtilityNCI-02034757-ML:Utility zhangh24$ git commit -m "[K[K[K[K[K[K[K[K[K[K[K[K[K[K[Kvi .gitn[Kignore
]0;~/GoogleDrive/project/Ni/UtilityNCI-02034757-ML:Utility zhangh24$ git commit -m "vecmult[Kmat"
[master 93757fc] vecmulmat
 33 files changed, 1015 insertions(+), 142 deletions(-)
 rewrite .Rproj.user/C489B8A4/console06/INDEX001 (86%)
 rewrite .Rproj.user/C489B8A4/persistent-state (90%)
 create mode 100644 R/fast_mult.cpp
 create mode 100644 man/ColSum_C.Rd
 create mode 100644 man/ColSumtwomatrix_C.Rd
 create mode 100644 man/Elementwisesquare_C.Rd
 create mode 100644 man/MatMult_C.Rd
 create mode 100644 man/MatrixPlus_C.Rd
 create mode 100644 man/MatrixRowMax_C.Rd
 create mode 100644 man/NumxMatrix_C.Rd
 create mode 100644 man/Sum_C.Rd
 create mode 100644 man/VecMultMat_C.Rd
 create mode 100644 src/.DS_Store
 rewrite src/Utility.so (68%)
 create mode 100644 test/testC.R
]0;~/GoogleDrive/project/Ni/UtilityNCI-02034757-ML:Utility zhangh24$ git push
Counting objects: 46, done.
Delta compression using up to 8 threads.
Compressing objects:   2% (1/43)   Compressing objects:   4% (2/43)   Compressing objects:   6% (3/43)   Compressing objects:   9% (4/43)   Compressing objects:  11% (5/43)   Compressing objects:  13% (6/43)   Compressing objects:  16% (7/43)   Compressing objects:  18% (8/43)   Compressing objects:  20% (9/43)   Compressing objects:  23% (10/43)   Compressing objects:  25% (11/43)   Compressing objects:  27% (12/43)   Compressing objects:  30% (13/43)   Compressing objects:  32% (14/43)   Compressing objects:  34% (15/43)   Compressing objects:  37% (16/43)   Compressing objects:  39% (17/43)   Compressing objects:  41% (18/43)   Compressing objects:  44% (19/43)   Compressing objects:  46% (20/43)   Compressing objects:  48% (21/43)   Compressing objects:  51% (22/43)   Compressing objects:  53% (23/43)   Compressing objects:  55% (24/43)   Compressing objects:  58% (25/43)   Compressing objects:  60% (26/43)   Compressing objects:  62% (27/43)   Compressing objects:  65% (28/43)   Compressing objects:  67% (29/43)   Compressing objects:  69% (30/43)   Compressing objects:  72% (31/43)   Compressing objects:  74% (32/43)   Compressing objects:  76% (33/43)   Compressing objects:  79% (34/43)   Compressing objects:  81% (35/43)   Compressing objects:  83% (36/43)   Compressing objects:  86% (37/43)   Compressing objects:  88% (38/43)   Compressing objects:  90% (39/43)   Compressing objects:  93% (40/43)   Compressing objects:  95% (41/43)   Compressing objects:  97% (42/43)   Compressing objects: 100% (43/43)   Compressing objects: 100% (43/43), done.
Writing objects:   2% (1/46)   Writing objects:   4% (2/46)   Writing objects:   6% (3/46)   Writing objects:   8% (4/46)   Writing objects:  10% (5/46)   Writing objects:  13% (6/46)   Writing objects:  15% (7/46)   Writing objects:  17% (8/46)   Writing objects:  19% (9/46)   Writing objects:  21% (10/46)   Writing objects:  23% (11/46)   Writing objects:  26% (12/46)   Writing objects:  28% (13/46)   Writing objects:  30% (14/46)   Writing objects:  32% (15/46)   Writing objects:  34% (16/46)   Writing objects:  36% (17/46)   Writing objects:  39% (18/46)   Writing objects:  41% (19/46)   Writing objects:  43% (20/46)   Writing objects:  45% (21/46)   Writing objects:  47% (22/46)   Writing objects:  50% (23/46)   Writing objects:  52% (24/46)   Writing objects:  54% (25/46)   Writing objects:  56% (26/46)   Writing objects:  58% (27/46)   Writing objects:  60% (28/46)   Writing objects:  63% (29/46)   Writing objects:  65% (30/46)   Writing objects:  67% (31/46)   Writing objects:  69% (32/46)   Writing objects:  71% (33/46)   Writing objects:  73% (34/46)   Writing objects:  76% (35/46)   Writing objects:  78% (36/46)   Writing objects:  80% (37/46)   Writing objects:  82% (38/46)   Writing objects:  84% (39/46)   Writing objects:  86% (40/46)   Writing objects:  89% (41/46)   Writing objects:  91% (42/46)   Writing objects:  93% (43/46)   Writing objects:  95% (44/46)   Writing objects:  97% (45/46)   Writing objects: 100% (46/46)   Writing objects: 100% (46/46), 54.48 KiB | 0 bytes/s, done.
Total 46 (delta 17), reused 0 (delta 0)
remote: Resolving deltas:   0% (0/17)   [Kremote: Resolving deltas:   5% (1/17)   [Kremote: Resolving deltas:  11% (2/17)   [Kremote: Resolving deltas:  17% (3/17)   [Kremote: Resolving deltas:  23% (4/17)   [Kremote: Resolving deltas:  29% (5/17)   [Kremote: Resolving deltas:  35% (6/17)   [Kremote: Resolving deltas:  41% (7/17)   [Kremote: Resolving deltas:  47% (8/17)   [Kremote: Resolving deltas:  52% (9/17)   [Kremote: Resolving deltas:  58% (10/17)   [Kremote: Resolving deltas:  64% (11/17)   [Kremote: Resolving deltas:  70% (12/17)   [Kremote: Resolving deltas:  76% (13/17)   [Kremote: Resolving deltas:  82% (14/17)   [Kremote: Resolving deltas:  88% (15/17)   [Kremote: Resolving deltas:  94% (16/17)   [Kremote: Resolving deltas: 100% (17/17)   [Kremote: Resolving deltas: 100% (17/17), completed with 17 local objects.[K
To https://github.com/andrewhaoyu/Utility.git
   1f9efc4..93757fc  master -> master
]0;~/GoogleDrive/project/Ni/Utility[?1034hNCI-02034757-ML:Utility zhangh24$ [KNCI-02034757-ML:Utility zhangh24$ git[K[K[Kgit status
On branch master
Your branch is up-to-date with 'origin/master'.
Changes not staged for commit:
  (use "git add <file>..." to update what will be committed)
  (use "git checkout -- <file>..." to discard changes in working directory)

	[31mmodified:   .Rproj.user/C489B8A4/console06/11327186[m
	[31mmodified:   .Rproj.user/C489B8A4/console06/INDEX001[m
	[31mmodified:   .Rproj.user/C489B8A4/cpp-definition-cache[m
	[31mmodified:   .Rproj.user/C489B8A4/pcs/source-pane.pper[m
	[31mmodified:   .Rproj.user/C489B8A4/pcs/windowlayoutstate.pper[m
	[31mmodified:   .Rproj.user/C489B8A4/persistent-state[m
	[31mmodified:   .Rproj.user/C489B8A4/sources/prop/FE5B821D[m
	[31mmodified:   NAMESPACE[m
	[31mmodified:   R/RcppExports.R[m
	[31mmodified:   R/omniRLRT_fast.R[m
	[31mmodified:   src/RcppExports.cpp[m
	[31mmodified:   src/Utility.so[m
	[31mmodified:   src/fastEgen_RC.cpp[m
	[31mmodified:   test/example.R[m
	[31mmodified:   test/testC.R[m

Untracked files:
  (use "git add <file>..." to include in what will be committed)

	[31mman/LR0_fixRho_C.Rd[m
	[31mman/Vecplus_C.Rd[m
	[31mman/ifelsetest_C.Rd[m

no changes added to commit (use "git add" and/or "git commit -a")
]0;~/GoogleDrive/project/Ni/UtilityNCI-02034757-ML:Utility zhangh24$ git add -A[K[K[K[K[K[K[K[K[K[Kvi .gitignore
]0;~/GoogleDrive/project/Ni/UtilityNCI-02034757-ML:Utility zhangh24$ pwd
/Users/zhangh24/GoogleDrive/project/Ni/Utility
]0;~/GoogleDrive/project/Ni/UtilityNCI-02034757-ML:Utility zhangh24$ pwdvi .gitignore
]0;~/GoogleDrive/project/Ni/UtilityNCI-02034757-ML:Utility zhangh24$ git status
On branch master
Your branch is up-to-date with 'origin/master'.
Changes not staged for commit:
  (use "git add <file>..." to update what will be committed)
  (use "git checkout -- <file>..." to discard changes in working directory)

	[31mmodified:   .Rproj.user/C489B8A4/console06/11327186[m
	[31mmodified:   .Rproj.user/C489B8A4/console06/INDEX001[m
	[31mmodified:   .Rproj.user/C489B8A4/cpp-definition-cache[m
	[31mmodified:   .Rproj.user/C489B8A4/pcs/source-pane.pper[m
	[31mmodified:   .Rproj.user/C489B8A4/pcs/windowlayoutstate.pper[m
	[31mmodified:   .Rproj.user/C489B8A4/persistent-state[m
	[31mmodified:   .Rproj.user/C489B8A4/sources/prop/FE5B821D[m
	[31mmodified:   .gitignore[m
	[31mmodified:   NAMESPACE[m
	[31mmodified:   R/RcppExports.R[m
	[31mmodified:   R/omniRLRT_fast.R[m
	[31mmodified:   src/RcppExports.cpp[m
	[31mmodified:   src/Utility.so[m
	[31mmodified:   src/fastEgen_RC.cpp[m
	[31mmodified:   test/example.R[m
	[31mmodified:   test/testC.R[m

Untracked files:
  (use "git add <file>..." to include in what will be committed)

	[31mman/LR0_fixRho_C.Rd[m
	[31mman/Vecplus_C.Rd[m
	[31mman/ifelsetest_C.Rd[m

no changes added to commit (use "git add" and/or "git commit -a")
]0;~/GoogleDrive/project/Ni/UtilityNCI-02034757-ML:Utility zhangh24$ git add -A
]0;~/GoogleDrive/project/Ni/UtilityNCI-02034757-ML:Utility zhangh24$ git commit -m "rcpp"
[master 4cf109b] rcpp
 20 files changed, 390 insertions(+), 29 deletions(-)
 rewrite .Rproj.user/C489B8A4/persistent-state (83%)
 create mode 100644 man/LR0_fixRho_C.Rd
 create mode 100644 man/Vecplus_C.Rd
 create mode 100644 man/ifelsetest_C.Rd
 rewrite src/Utility.so (69%)
]0;~/GoogleDrive/project/Ni/UtilityNCI-02034757-ML:Utility zhangh24$ git push
Counting objects: 32, done.
Delta compression using up to 8 threads.
Compressing objects:   3% (1/30)   Compressing objects:   6% (2/30)   Compressing objects:  10% (3/30)   Compressing objects:  13% (4/30)   Compressing objects:  16% (5/30)   Compressing objects:  20% (6/30)   Compressing objects:  23% (7/30)   Compressing objects:  26% (8/30)   Compressing objects:  30% (9/30)   Compressing objects:  33% (10/30)   Compressing objects:  36% (11/30)   Compressing objects:  40% (12/30)   Compressing objects:  43% (13/30)   Compressing objects:  46% (14/30)   Compressing objects:  50% (15/30)   Compressing objects:  53% (16/30)   Compressing objects:  56% (17/30)   Compressing objects:  60% (18/30)   Compressing objects:  63% (19/30)   Compressing objects:  66% (20/30)   Compressing objects:  70% (21/30)   Compressing objects:  73% (22/30)   Compressing objects:  76% (23/30)   Compressing objects:  80% (24/30)   Compressing objects:  83% (25/30)   Compressing objects:  86% (26/30)   Compressing objects:  90% (27/30)   Compressing objects:  93% (28/30)   Compressing objects:  96% (29/30)   Compressing objects: 100% (30/30)   Compressing objects: 100% (30/30), done.
Writing objects:   3% (1/32)   Writing objects:   6% (2/32)   Writing objects:   9% (3/32)   Writing objects:  12% (4/32)   Writing objects:  15% (5/32)   Writing objects:  18% (6/32)   Writing objects:  21% (7/32)   Writing objects:  25% (8/32)   Writing objects:  28% (9/32)   Writing objects:  31% (10/32)   Writing objects:  34% (11/32)   Writing objects:  37% (12/32)   Writing objects:  40% (13/32)   Writing objects:  43% (14/32)   Writing objects:  46% (15/32)   Writing objects:  50% (16/32)   Writing objects:  53% (17/32)   Writing objects:  56% (18/32)   Writing objects:  59% (19/32)   Writing objects:  62% (20/32)   Writing objects:  65% (21/32)   Writing objects:  68% (22/32)   Writing objects:  71% (23/32)   Writing objects:  75% (24/32)   Writing objects:  78% (25/32)   Writing objects:  81% (26/32)   Writing objects:  84% (27/32)   Writing objects:  87% (28/32)   Writing objects:  90% (29/32)   Writing objects:  93% (30/32)   Writing objects:  96% (31/32)   Writing objects: 100% (32/32)   Writing objects: 100% (32/32), 43.75 KiB | 0 bytes/s, done.
Total 32 (delta 20), reused 0 (delta 0)
remote: Resolving deltas:   0% (0/20)   [Kremote: Resolving deltas:   5% (1/20)   [Kremote: Resolving deltas:  10% (2/20)   [Kremote: Resolving deltas:  15% (3/20)   [Kremote: Resolving deltas:  20% (4/20)   [Kremote: Resolving deltas:  25% (5/20)   [Kremote: Resolving deltas:  30% (6/20)   [Kremote: Resolving deltas:  35% (7/20)   [Kremote: Resolving deltas:  40% (8/20)   [Kremote: Resolving deltas:  45% (9/20)   [Kremote: Resolving deltas:  50% (10/20)   [Kremote: Resolving deltas:  55% (11/20)   [Kremote: Resolving deltas:  60% (12/20)   [Kremote: Resolving deltas:  65% (13/20)   [Kremote: Resolving deltas:  70% (14/20)   [Kremote: Resolving deltas:  75% (15/20)   [Kremote: Resolving deltas:  80% (16/20)   [Kremote: Resolving deltas:  85% (17/20)   [Kremote: Resolving deltas:  90% (18/20)   [Kremote: Resolving deltas:  95% (19/20)   [Kremote: Resolving deltas: 100% (20/20)   [Kremote: Resolving deltas: 100% (20/20), completed with 20 local objects.[K
To https://github.com/andrewhaoyu/Utility.git
   93757fc..4cf109b  master -> master
]0;~/GoogleDrive/project/Ni/UtilityNCI-02034757-ML:Utility zhangh24$ ]0;~/GoogleDrive/project/Ni/Utility[?1034hNCI-02034757-ML:Utility zhangh24$ try(library(mgcv)) ; try (library(MASS)); library(nlme);
bash: syntax error near unexpected token `library'
]0;~/GoogleDrive/project/Ni/UtilityNCI-02034757-ML:Utility zhangh24$ library(compiler);librar y(Rcpp);library(RcppEigen)
bash: syntax error near unexpected token `compiler'
]0;~/GoogleDrive/project/Ni/UtilityNCI-02034757-ML:Utility zhangh24$ 
]0;~/GoogleDrive/project/Ni/UtilityNCI-02034757-ML:Utility zhangh24$ n = 100
bash: n: command not found
]0;~/GoogleDrive/project/Ni/UtilityNCI-02034757-ML:Utility zhangh24$ X = rnorm(n)
bash: syntax error near unexpected token `('
]0;~/GoogleDrive/project/Ni/UtilityNCI-02034757-ML:Utility zhangh24$ 
]0;~/GoogleDrive/project/Ni/UtilityNCI-02034757-ML:Utility zhangh24$ p = 2
bash: p: command not found
]0;~/GoogleDrive/project/Ni/UtilityNCI-02034757-ML:Utility zhangh24$ G = runif(n*p)< 0.5
bash: syntax error near unexpected token `('
]0;~/GoogleDrive/project/Ni/UtilityNCI-02034757-ML:Utility zhangh24$ G = G + runif(n*p) < 0.5 [A[C[C[C[C[C[C[C[C[C[C[C[C[C[C[C[C[C[C[C[C[C[C[C[C[C[C[C[C[C[C[C[C[C[C[C[C[C[C[C[C[C[C[C[C[C[C[C[C[C[C[C[C[C[C[C[C[C[K5
bash: syntax error near unexpected token `('
]0;~/GoogleDrive/project/Ni/UtilityNCI-02034757-ML:Utility zhangh24$ G = matrix(G, n,p)
bash: syntax error near unexpected token `('
]0;~/GoogleDrive/project/Ni/UtilityNCI-02034757-ML:Utility zhangh24$ E = (runif(n) < 0.5)^2
bash: syntax error near unexpected token `('
]0;~/GoogleDrive/project/Ni/UtilityNCI-02034757-ML:Utility zhangh24$ y = rnorm(n) + G[,1] * 0 .3
bash: syntax error near unexpected token `('
]0;~/GoogleDrive/project/Ni/UtilityNCI-02034757-ML:Utility zhangh24$ 
]0;~/GoogleDrive/project/Ni/UtilityNCI-02034757-ML:Utility zhangh24$ time1 <- proc.time()
bash: syntax error near unexpected token `('
]0;~/GoogleDrive/project/Ni/UtilityNCI-02034757-ML:Utility zhangh24$ omniRLRT(y, X = cbind(X,  E),K1 = G %*% t(G), K2 = (G*E) %*% t(G * E) , N = 10000,  length.rho = 200, length.lambda = 21)
bash: syntax error near unexpected token `y,'
]0;~/GoogleDrive/project/Ni/UtilityNCI-02034757-ML:Utility zhangh24$ time1 <- proc.time()-tim e1
bash: syntax error near unexpected token `('
]0;~/GoogleDrive/project/Ni/UtilityNCI-02034757-ML:Utility zhangh24$ time2 <- proc.time()
bash: syntax error near unexpected token `('
]0;~/GoogleDrive/project/Ni/UtilityNCI-02034757-ML:Utility zhangh24$ omniRLRT_fast(y, X = cbi nd(X, E),K1 = G %*% t(G), K2 = (G*E) %*% t(G * E) , N = 10 000, length.rho = 200, length.lambda = 21)
bash: syntax error near unexpected token `y,'
]0;~/GoogleDrive/project/Ni/UtilityNCI-02034757-ML:Utility zhangh24$ time2 <- proc.time()-tim e2
bash: syntax error near unexpected token `('
]0;~/GoogleDrive/project/Ni/UtilityNCI-02034757-ML:Utility zhangh24$ print(time1)
bash: syntax error near unexpected token `time1'
]0;~/GoogleDrive/project/Ni/UtilityNCI-02034757-ML:Utility zhangh24$ print(time2)
bash: syntax error near unexpected token `time2'
git status
On branch master
Your branch is up-to-date with 'origin/master'.
Changes not staged for commit:
  (use "git add <file>..." to update what will be committed)
  (use "git checkout -- <file>..." to discard changes in working directory)

	[31mmodified:   .DS_Store[m
	[31mmodified:   .Rproj.user/C489B8A4/console06/11327186[m
	[31mmodified:   .Rproj.user/C489B8A4/console06/11327186.env[m
	[31mmodified:   .Rproj.user/C489B8A4/console06/INDEX001[m
	[31mmodified:   .Rproj.user/C489B8A4/cpp-definition-cache[m
	[31mmodified:   .Rproj.user/C489B8A4/pcs/source-pane.pper[m
	[31mmodified:   .Rproj.user/C489B8A4/pcs/windowlayoutstate.pper[m
	[31mmodified:   .Rproj.user/C489B8A4/persistent-state[m
	[31mmodified:   .Rproj.user/C489B8A4/sources/prop/97FA1D0D[m
	[31mmodified:   .Rproj.user/C489B8A4/sources/prop/FE5B821D[m
	[31mmodified:   R/RcppExports.R[m
	[31mmodified:   R/omniRLRT_fast.R[m
	[31mmodified:   src/RcppExports.cpp[m
	[31mmodified:   src/Utility.so[m
	[31mmodified:   src/fastEgen_RC.cpp[m
	[31mmodified:   test/example.R[m
	[31mmodified:   test/testC.R[m

no changes added to commit (use "git add" and/or "git commit -a")
]0;~/GoogleDrive/project/Ni/UtilityNCI-02034757-ML:Utility zhangh24$ git add -A
]0;~/GoogleDrive/project/Ni/UtilityNCI-02034757-ML:Utility zhangh24$ git commit -m "LhRo"
[master c8f9637] LhRo
 17 files changed, 166 insertions(+), 81 deletions(-)
 rewrite .Rproj.user/C489B8A4/console06/INDEX001 (86%)
 rewrite .Rproj.user/C489B8A4/persistent-state (91%)
 rewrite src/Utility.so (66%)
]0;~/GoogleDrive/project/Ni/UtilityNCI-02034757-ML:Utility zhangh24$ git push
Counting objects: 28, done.
Delta compression using up to 8 threads.
Compressing objects:   3% (1/26)   Compressing objects:   7% (2/26)   Compressing objects:  11% (3/26)   Compressing objects:  15% (4/26)   Compressing objects:  19% (5/26)   Compressing objects:  23% (6/26)   Compressing objects:  26% (7/26)   Compressing objects:  30% (8/26)   Compressing objects:  34% (9/26)   Compressing objects:  38% (10/26)   Compressing objects:  42% (11/26)   Compressing objects:  46% (12/26)   Compressing objects:  50% (13/26)   Compressing objects:  53% (14/26)   Compressing objects:  57% (15/26)   Compressing objects:  61% (16/26)   Compressing objects:  65% (17/26)   Compressing objects:  69% (18/26)   Compressing objects:  73% (19/26)   Compressing objects:  76% (20/26)   Compressing objects:  80% (21/26)   Compressing objects:  84% (22/26)   Compressing objects:  88% (23/26)   Compressing objects:  92% (24/26)   Compressing objects:  96% (25/26)   Compressing objects: 100% (26/26)   Compressing objects: 100% (26/26), done.
Writing objects:   3% (1/28)   Writing objects:   7% (2/28)   Writing objects:  10% (3/28)   Writing objects:  14% (4/28)   Writing objects:  17% (5/28)   Writing objects:  21% (6/28)   Writing objects:  25% (7/28)   Writing objects:  28% (8/28)   Writing objects:  32% (9/28)   Writing objects:  35% (10/28)   Writing objects:  39% (11/28)   Writing objects:  42% (12/28)   Writing objects:  46% (13/28)   Writing objects:  50% (14/28)   Writing objects:  53% (15/28)   Writing objects:  57% (16/28)   Writing objects:  60% (17/28)   Writing objects:  64% (18/28)   Writing objects:  67% (19/28)   Writing objects:  71% (20/28)   Writing objects:  75% (21/28)   Writing objects:  78% (22/28)   Writing objects:  82% (23/28)   Writing objects:  85% (24/28)   Writing objects:  89% (25/28)   Writing objects:  92% (26/28)   Writing objects:  96% (27/28)   Writing objects: 100% (28/28)   Writing objects: 100% (28/28), 30.88 KiB | 0 bytes/s, done.
Total 28 (delta 18), reused 0 (delta 0)
remote: Resolving deltas:   0% (0/18)   [Kremote: Resolving deltas:   5% (1/18)   [Kremote: Resolving deltas:  11% (2/18)   [Kremote: Resolving deltas:  16% (3/18)   [Kremote: Resolving deltas:  22% (4/18)   [Kremote: Resolving deltas:  27% (5/18)   [Kremote: Resolving deltas:  33% (6/18)   [Kremote: Resolving deltas:  38% (7/18)   [Kremote: Resolving deltas:  44% (8/18)   [Kremote: Resolving deltas:  50% (9/18)   [Kremote: Resolving deltas:  55% (10/18)   [Kremote: Resolving deltas:  61% (11/18)   [Kremote: Resolving deltas:  66% (12/18)   [Kremote: Resolving deltas:  72% (13/18)   [Kremote: Resolving deltas:  77% (14/18)   [Kremote: Resolving deltas:  83% (15/18)   [Kremote: Resolving deltas:  88% (16/18)   [Kremote: Resolving deltas:  94% (17/18)   [Kremote: Resolving deltas: 100% (18/18)   [Kremote: Resolving deltas: 100% (18/18), completed with 18 local objects.[K
To https://github.com/andrewhaoyu/Utility.git
   4cf109b..c8f9637  master -> master
git status
On branch master
Your branch is up-to-date with 'origin/master'.
Changes not staged for commit:
  (use "git add <file>..." to update what will be committed)
  (use "git checkout -- <file>..." to discard changes in working directory)

	[31mmodified:   .Rproj.user/C489B8A4/console06/11327186[m
	[31mmodified:   .Rproj.user/C489B8A4/console06/11327186.env[m
	[31mmodified:   .Rproj.user/C489B8A4/console06/INDEX001[m
	[31mmodified:   .Rproj.user/C489B8A4/pcs/source-pane.pper[m
	[31mmodified:   .Rproj.user/C489B8A4/sources/prop/97FA1D0D[m
	[31mmodified:   test/example.R[m

no changes added to commit (use "git add" and/or "git commit -a")
]0;~/GoogleDrive/project/Ni/UtilityNCI-02034757-ML:Utility zhangh24$ git a[K-A[Ka
Unknown option: -a
usage: git [--version] [--help] [-C <path>] [-c name=value]
           [--exec-path[=<path>]] [--html-path] [--man-path] [--info-path]
           [-p | --paginate | --no-pager] [--no-replace-objects] [--bare]
           [--git-dir=<path>] [--work-tree=<path>] [--namespace=<name>]
           <command> [<args>]
]0;~/GoogleDrive/project/Ni/UtilityNCI-02034757-ML:Utility zhangh24$ GIT[K[K[Ki[Kgit -A
Unknown option: -A
usage: git [--version] [--help] [-C <path>] [-c name=value]
           [--exec-path[=<path>]] [--html-path] [--man-path] [--info-path]
           [-p | --paginate | --no-pager] [--no-replace-objects] [--bare]
           [--git-dir=<path>] [--work-tree=<path>] [--namespace=<name>]
           <command> [<args>]
]0;~/GoogleDrive/project/Ni/UtilityNCI-02034757-ML:Utility zhangh24$ git[K[K[Kgit add -A